token_valid=getMe
bot =@Avengersorderbot
menu_button=ok
Traceback (most recent call last):
  File "/data/data/com.termux/files/usr/lib/python3.14/site-packages/httpx/_transports/default.py", line 101, in map_httpcore_exceptions
    yield
  File "/data/data/com.termux/files/usr/lib/python3.14/site-packages/httpx/_transports/default.py", line 250, in handle_request
    resp = self._pool.handle_request(req)
  File "/data/data/com.termux/files/usr/lib/python3.14/site-packages/httpcore/_sync/connection_pool.py", line 256, in handle_request
    raise exc from None
  File "/data/data/com.termux/files/usr/lib/python3.14/site-packages/httpcore/_sync/connection_pool.py", line 236, in handle_request
    response = connection.handle_request(
        pool_request.request
    )
  File "/data/data/com.termux/files/usr/lib/python3.14/site-packages/httpcore/_sync/connection.py", line 101, in handle_request
    raise exc
  File "/data/data/com.termux/files/usr/lib/python3.14/site-packages/httpcore/_sync/connection.py", line 78, in handle_request
    stream = self._connect(request)
  File "/data/data/com.termux/files/usr/lib/python3.14/site-packages/httpcore/_sync/connection.py", line 124, in _connect
    stream = self._network_backend.connect_tcp(**kwargs)
  File "/data/data/com.termux/files/usr/lib/python3.14/site-packages/httpcore/_backends/sync.py", line 207, in connect_tcp
    with map_exceptions(exc_map):
         ~~~~~~~~~~~~~~^^^^^^^^^
  File "/data/data/com.termux/files/usr/lib/python3.14/contextlib.py", line 162, in __exit__
    self.gen.throw(value)
    ~~~~~~~~~~~~~~^^^^^^^
  File "/data/data/com.termux/files/usr/lib/python3.14/site-packages/httpcore/_exceptions.py", line 14, in map_exceptions
    raise to_exc(exc) from exc
httpcore.ConnectError: [Errno 7] No address associated with hostname

The above exception was the direct cause of the following exception:

Traceback (most recent call last):
  File "/data/data/com.termux/files/home/Meesho-bot-main/bot.py", line 105, in main
    up = api_call("getUpdates", timeout=30, limit=50,
                  offset=last_id + 1 if last_id else -1,
                  allowed_updates=["message", "callback_query"])
  File "/data/data/com.termux/files/home/Meesho-bot-main/bot.py", line 27, in api_call
    r = httpx.post(API + "/" + method, json=params, timeout=60)
  File "/data/data/com.termux/files/usr/lib/python3.14/site-packages/httpx/_api.py", line 304, in post
    return request(
        "POST",
    ...<13 lines>...
        trust_env=trust_env,
    )
  File "/data/data/com.termux/files/usr/lib/python3.14/site-packages/httpx/_api.py", line 109, in request
    return client.request(
           ~~~~~~~~~~~~~~^
        method=method,
        ^^^^^^^^^^^^^^
    ...<8 lines>...
        follow_redirects=follow_redirects,
        ^^^^^^^^^^^^^^^^^^^^^^^^^^^^^^^^^^
    )
    ^
  File "/data/data/com.termux/files/usr/lib/python3.14/site-packages/httpx/_client.py", line 825, in request
    return self.send(request, auth=auth, follow_redirects=follow_redirects)
           ~~~~~~~~~^^^^^^^^^^^^^^^^^^^^^^^^^^^^^^^^^^^^^^^^^^^^^^^^^^^^^^^
  File "/data/data/com.termux/files/usr/lib/python3.14/site-packages/httpx/_client.py", line 914, in send
    response = self._send_handling_auth(
        request,
    ...<2 lines>...
        history=[],
    )
  File "/data/data/com.termux/files/usr/lib/python3.14/site-packages/httpx/_client.py", line 942, in _send_handling_auth
    response = self._send_handling_redirects(
        request,
        follow_redirects=follow_redirects,
        history=history,
    )
  File "/data/data/com.termux/files/usr/lib/python3.14/site-packages/httpx/_client.py", line 979, in _send_handling_redirects
    response = self._send_single_request(request)
  File "/data/data/com.termux/files/usr/lib/python3.14/site-packages/httpx/_client.py", line 1014, in _send_single_request
    response = transport.handle_request(request)
  File "/data/data/com.termux/files/usr/lib/python3.14/site-packages/httpx/_transports/default.py", line 249, in handle_request
    with map_httpcore_exceptions():
         ~~~~~~~~~~~~~~~~~~~~~~~^^
  File "/data/data/com.termux/files/usr/lib/python3.14/contextlib.py", line 162, in __exit__
    self.gen.throw(value)
    ~~~~~~~~~~~~~~^^^^^^^
  File "/data/data/com.termux/files/usr/lib/python3.14/site-packages/httpx/_transports/default.py", line 118, in map_httpcore_exceptions
    raise mapped_exc(message) from exc
httpx.ConnectError: [Errno 7] No address associated with hostname
poll_backoff 5s
Traceback (most recent call last):
  File "/data/data/com.termux/files/usr/lib/python3.14/site-packages/httpx/_transports/default.py", line 101, in map_httpcore_exceptions
    yield
  File "/data/data/com.termux/files/usr/lib/python3.14/site-packages/httpx/_transports/default.py", line 250, in handle_request
    resp = self._pool.handle_request(req)
  File "/data/data/com.termux/files/usr/lib/python3.14/site-packages/httpcore/_sync/connection_pool.py", line 256, in handle_request
    raise exc from None
  File "/data/data/com.termux/files/usr/lib/python3.14/site-packages/httpcore/_sync/connection_pool.py", line 236, in handle_request
    response = connection.handle_request(
        pool_request.request
    )
  File "/data/data/com.termux/files/usr/lib/python3.14/site-packages/httpcore/_sync/connection.py", line 101, in handle_request
    raise exc
  File "/data/data/com.termux/files/usr/lib/python3.14/site-packages/httpcore/_sync/connection.py", line 78, in handle_request
    stream = self._connect(request)
  File "/data/data/com.termux/files/usr/lib/python3.14/site-packages/httpcore/_sync/connection.py", line 124, in _connect
    stream = self._network_backend.connect_tcp(**kwargs)
  File "/data/data/com.termux/files/usr/lib/python3.14/site-packages/httpcore/_backends/sync.py", line 207, in connect_tcp
    with map_exceptions(exc_map):
         ~~~~~~~~~~~~~~^^^^^^^^^
  File "/data/data/com.termux/files/usr/lib/python3.14/contextlib.py", line 162, in __exit__
    self.gen.throw(value)
    ~~~~~~~~~~~~~~^^^^^^^
  File "/data/data/com.termux/files/usr/lib/python3.14/site-packages/httpcore/_exceptions.py", line 14, in map_exceptions
    raise to_exc(exc) from exc
httpcore.ConnectError: [Errno 7] No address associated with hostname

The above exception was the direct cause of the following exception:

Traceback (most recent call last):
  File "/data/data/com.termux/files/home/Meesho-bot-main/bot.py", line 105, in main
    up = api_call("getUpdates", timeout=30, limit=50,
                  offset=last_id + 1 if last_id else -1,
                  allowed_updates=["message", "callback_query"])
  File "/data/data/com.termux/files/home/Meesho-bot-main/bot.py", line 27, in api_call
    r = httpx.post(API + "/" + method, json=params, timeout=60)
  File "/data/data/com.termux/files/usr/lib/python3.14/site-packages/httpx/_api.py", line 304, in post
    return request(
        "POST",
    ...<13 lines>...
        trust_env=trust_env,
    )
  File "/data/data/com.termux/files/usr/lib/python3.14/site-packages/httpx/_api.py", line 109, in request
    return client.request(
           ~~~~~~~~~~~~~~^
        method=method,
        ^^^^^^^^^^^^^^
    ...<8 lines>...
        follow_redirects=follow_redirects,
        ^^^^^^^^^^^^^^^^^^^^^^^^^^^^^^^^^^
    )
    ^
  File "/data/data/com.termux/files/usr/lib/python3.14/site-packages/httpx/_client.py", line 825, in request
    return self.send(request, auth=auth, follow_redirects=follow_redirects)
           ~~~~~~~~~^^^^^^^^^^^^^^^^^^^^^^^^^^^^^^^^^^^^^^^^^^^^^^^^^^^^^^^
  File "/data/data/com.termux/files/usr/lib/python3.14/site-packages/httpx/_client.py", line 914, in send
    response = self._send_handling_auth(
        request,
    ...<2 lines>...
        history=[],
    )
  File "/data/data/com.termux/files/usr/lib/python3.14/site-packages/httpx/_client.py", line 942, in _send_handling_auth
    response = self._send_handling_redirects(
        request,
        follow_redirects=follow_redirects,
        history=history,
    )
  File "/data/data/com.termux/files/usr/lib/python3.14/site-packages/httpx/_client.py", line 979, in _send_handling_redirects
    response = self._send_single_request(request)
  File "/data/data/com.termux/files/usr/lib/python3.14/site-packages/httpx/_client.py", line 1014, in _send_single_request
    response = transport.handle_request(request)
  File "/data/data/com.termux/files/usr/lib/python3.14/site-packages/httpx/_transports/default.py", line 249, in handle_request
    with map_httpcore_exceptions():
         ~~~~~~~~~~~~~~~~~~~~~~~^^
  File "/data/data/com.termux/files/usr/lib/python3.14/contextlib.py", line 162, in __exit__
    self.gen.throw(value)
    ~~~~~~~~~~~~~~^^^^^^^
  File "/data/data/com.termux/files/usr/lib/python3.14/site-packages/httpx/_transports/default.py", line 118, in map_httpcore_exceptions
    raise mapped_exc(message) from exc
httpx.ConnectError: [Errno 7] No address associated with hostname
poll_backoff 5s
Traceback (most recent call last):
  File "/data/data/com.termux/files/usr/lib/python3.14/site-packages/httpx/_transports/default.py", line 101, in map_httpcore_exceptions
    yield
  File "/data/data/com.termux/files/usr/lib/python3.14/site-packages/httpx/_transports/default.py", line 250, in handle_request
    resp = self._pool.handle_request(req)
  File "/data/data/com.termux/files/usr/lib/python3.14/site-packages/httpcore/_sync/connection_pool.py", line 256, in handle_request
    raise exc from None
  File "/data/data/com.termux/files/usr/lib/python3.14/site-packages/httpcore/_sync/connection_pool.py", line 236, in handle_request
    response = connection.handle_request(
        pool_request.request
    )
  File "/data/data/com.termux/files/usr/lib/python3.14/site-packages/httpcore/_sync/connection.py", line 101, in handle_request
    raise exc
  File "/data/data/com.termux/files/usr/lib/python3.14/site-packages/httpcore/_sync/connection.py", line 78, in handle_request
    stream = self._connect(request)
  File "/data/data/com.termux/files/usr/lib/python3.14/site-packages/httpcore/_sync/connection.py", line 124, in _connect
    stream = self._network_backend.connect_tcp(**kwargs)
  File "/data/data/com.termux/files/usr/lib/python3.14/site-packages/httpcore/_backends/sync.py", line 207, in connect_tcp
    with map_exceptions(exc_map):
         ~~~~~~~~~~~~~~^^^^^^^^^
  File "/data/data/com.termux/files/usr/lib/python3.14/contextlib.py", line 162, in __exit__
    self.gen.throw(value)
    ~~~~~~~~~~~~~~^^^^^^^
  File "/data/data/com.termux/files/usr/lib/python3.14/site-packages/httpcore/_exceptions.py", line 14, in map_exceptions
    raise to_exc(exc) from exc
httpcore.ConnectError: [Errno 7] No address associated with hostname

The above exception was the direct cause of the following exception:

Traceback (most recent call last):
  File "/data/data/com.termux/files/home/Meesho-bot-main/bot.py", line 105, in main
    up = api_call("getUpdates", timeout=30, limit=50,
                  offset=last_id + 1 if last_id else -1,
                  allowed_updates=["message", "callback_query"])
  File "/data/data/com.termux/files/home/Meesho-bot-main/bot.py", line 27, in api_call
    r = httpx.post(API + "/" + method, json=params, timeout=60)
  File "/data/data/com.termux/files/usr/lib/python3.14/site-packages/httpx/_api.py", line 304, in post
    return request(
        "POST",
    ...<13 lines>...
        trust_env=trust_env,
    )
  File "/data/data/com.termux/files/usr/lib/python3.14/site-packages/httpx/_api.py", line 109, in request
    return client.request(
           ~~~~~~~~~~~~~~^
        method=method,
        ^^^^^^^^^^^^^^
    ...<8 lines>...
        follow_redirects=follow_redirects,
        ^^^^^^^^^^^^^^^^^^^^^^^^^^^^^^^^^^
    )
    ^
  File "/data/data/com.termux/files/usr/lib/python3.14/site-packages/httpx/_client.py", line 825, in request
    return self.send(request, auth=auth, follow_redirects=follow_redirects)
           ~~~~~~~~~^^^^^^^^^^^^^^^^^^^^^^^^^^^^^^^^^^^^^^^^^^^^^^^^^^^^^^^
  File "/data/data/com.termux/files/usr/lib/python3.14/site-packages/httpx/_client.py", line 914, in send
    response = self._send_handling_auth(
        request,
    ...<2 lines>...
        history=[],
    )
  File "/data/data/com.termux/files/usr/lib/python3.14/site-packages/httpx/_client.py", line 942, in _send_handling_auth
    response = self._send_handling_redirects(
        request,
        follow_redirects=follow_redirects,
        history=history,
    )
  File "/data/data/com.termux/files/usr/lib/python3.14/site-packages/httpx/_client.py", line 979, in _send_handling_redirects
    response = self._send_single_request(request)
  File "/data/data/com.termux/files/usr/lib/python3.14/site-packages/httpx/_client.py", line 1014, in _send_single_request
    response = transport.handle_request(request)
  File "/data/data/com.termux/files/usr/lib/python3.14/site-packages/httpx/_transports/default.py", line 249, in handle_request
    with map_httpcore_exceptions():
         ~~~~~~~~~~~~~~~~~~~~~~~^^
  File "/data/data/com.termux/files/usr/lib/python3.14/contextlib.py", line 162, in __exit__
    self.gen.throw(value)
    ~~~~~~~~~~~~~~^^^^^^^
  File "/data/data/com.termux/files/usr/lib/python3.14/site-packages/httpx/_transports/default.py", line 118, in map_httpcore_exceptions
    raise mapped_exc(message) from exc
httpx.ConnectError: [Errno 7] No address associated with hostname
poll_backoff 5s
Traceback (most recent call last):
  File "/data/data/com.termux/files/usr/lib/python3.14/site-packages/httpx/_transports/default.py", line 101, in map_httpcore_exceptions
    yield
  File "/data/data/com.termux/files/usr/lib/python3.14/site-packages/httpx/_transports/default.py", line 250, in handle_request
    resp = self._pool.handle_request(req)
  File "/data/data/com.termux/files/usr/lib/python3.14/site-packages/httpcore/_sync/connection_pool.py", line 256, in handle_request
    raise exc from None
  File "/data/data/com.termux/files/usr/lib/python3.14/site-packages/httpcore/_sync/connection_pool.py", line 236, in handle_request
    response = connection.handle_request(
        pool_request.request
    )
  File "/data/data/com.termux/files/usr/lib/python3.14/site-packages/httpcore/_sync/connection.py", line 101, in handle_request
    raise exc
  File "/data/data/com.termux/files/usr/lib/python3.14/site-packages/httpcore/_sync/connection.py", line 78, in handle_request
    stream = self._connect(request)
  File "/data/data/com.termux/files/usr/lib/python3.14/site-packages/httpcore/_sync/connection.py", line 124, in _connect
    stream = self._network_backend.connect_tcp(**kwargs)
  File "/data/data/com.termux/files/usr/lib/python3.14/site-packages/httpcore/_backends/sync.py", line 207, in connect_tcp
    with map_exceptions(exc_map):
         ~~~~~~~~~~~~~~^^^^^^^^^
  File "/data/data/com.termux/files/usr/lib/python3.14/contextlib.py", line 162, in __exit__
    self.gen.throw(value)
    ~~~~~~~~~~~~~~^^^^^^^
  File "/data/data/com.termux/files/usr/lib/python3.14/site-packages/httpcore/_exceptions.py", line 14, in map_exceptions
    raise to_exc(exc) from exc
httpcore.ConnectError: [Errno 7] No address associated with hostname

The above exception was the direct cause of the following exception:

Traceback (most recent call last):
  File "/data/data/com.termux/files/home/Meesho-bot-main/bot.py", line 105, in main
    up = api_call("getUpdates", timeout=30, limit=50,
                  offset=last_id + 1 if last_id else -1,
                  allowed_updates=["message", "callback_query"])
  File "/data/data/com.termux/files/home/Meesho-bot-main/bot.py", line 27, in api_call
    r = httpx.post(API + "/" + method, json=params, timeout=60)
  File "/data/data/com.termux/files/usr/lib/python3.14/site-packages/httpx/_api.py", line 304, in post
    return request(
        "POST",
    ...<13 lines>...
        trust_env=trust_env,
    )
  File "/data/data/com.termux/files/usr/lib/python3.14/site-packages/httpx/_api.py", line 109, in request
    return client.request(
           ~~~~~~~~~~~~~~^
        method=method,
        ^^^^^^^^^^^^^^
    ...<8 lines>...
        follow_redirects=follow_redirects,
        ^^^^^^^^^^^^^^^^^^^^^^^^^^^^^^^^^^
    )
    ^
  File "/data/data/com.termux/files/usr/lib/python3.14/site-packages/httpx/_client.py", line 825, in request
    return self.send(request, auth=auth, follow_redirects=follow_redirects)
           ~~~~~~~~~^^^^^^^^^^^^^^^^^^^^^^^^^^^^^^^^^^^^^^^^^^^^^^^^^^^^^^^
  File "/data/data/com.termux/files/usr/lib/python3.14/site-packages/httpx/_client.py", line 914, in send
    response = self._send_handling_auth(
        request,
    ...<2 lines>...
        history=[],
    )
  File "/data/data/com.termux/files/usr/lib/python3.14/site-packages/httpx/_client.py", line 942, in _send_handling_auth
    response = self._send_handling_redirects(
        request,
        follow_redirects=follow_redirects,
        history=history,
    )
  File "/data/data/com.termux/files/usr/lib/python3.14/site-packages/httpx/_client.py", line 979, in _send_handling_redirects
    response = self._send_single_request(request)
  File "/data/data/com.termux/files/usr/lib/python3.14/site-packages/httpx/_client.py", line 1014, in _send_single_request
    response = transport.handle_request(request)
  File "/data/data/com.termux/files/usr/lib/python3.14/site-packages/httpx/_transports/default.py", line 249, in handle_request
    with map_httpcore_exceptions():
         ~~~~~~~~~~~~~~~~~~~~~~~^^
  File "/data/data/com.termux/files/usr/lib/python3.14/contextlib.py", line 162, in __exit__
    self.gen.throw(value)
    ~~~~~~~~~~~~~~^^^^^^^
  File "/data/data/com.termux/files/usr/lib/python3.14/site-packages/httpx/_transports/default.py", line 118, in map_httpcore_exceptions
    raise mapped_exc(message) from exc
httpx.ConnectError: [Errno 7] No address associated with hostname
poll_backoff 5s
Traceback (most recent call last):
  File "/data/data/com.termux/files/usr/lib/python3.14/site-packages/httpx/_transports/default.py", line 101, in map_httpcore_exceptions
    yield
  File "/data/data/com.termux/files/usr/lib/python3.14/site-packages/httpx/_transports/default.py", line 250, in handle_request
    resp = self._pool.handle_request(req)
  File "/data/data/com.termux/files/usr/lib/python3.14/site-packages/httpcore/_sync/connection_pool.py", line 256, in handle_request
    raise exc from None
  File "/data/data/com.termux/files/usr/lib/python3.14/site-packages/httpcore/_sync/connection_pool.py", line 236, in handle_request
    response = connection.handle_request(
        pool_request.request
    )
  File "/data/data/com.termux/files/usr/lib/python3.14/site-packages/httpcore/_sync/connection.py", line 101, in handle_request
    raise exc
  File "/data/data/com.termux/files/usr/lib/python3.14/site-packages/httpcore/_sync/connection.py", line 78, in handle_request
    stream = self._connect(request)
  File "/data/data/com.termux/files/usr/lib/python3.14/site-packages/httpcore/_sync/connection.py", line 124, in _connect
    stream = self._network_backend.connect_tcp(**kwargs)
  File "/data/data/com.termux/files/usr/lib/python3.14/site-packages/httpcore/_backends/sync.py", line 207, in connect_tcp
    with map_exceptions(exc_map):
         ~~~~~~~~~~~~~~^^^^^^^^^
  File "/data/data/com.termux/files/usr/lib/python3.14/contextlib.py", line 162, in __exit__
    self.gen.throw(value)
    ~~~~~~~~~~~~~~^^^^^^^
  File "/data/data/com.termux/files/usr/lib/python3.14/site-packages/httpcore/_exceptions.py", line 14, in map_exceptions
    raise to_exc(exc) from exc
httpcore.ConnectError: [Errno 7] No address associated with hostname

The above exception was the direct cause of the following exception:

Traceback (most recent call last):
  File "/data/data/com.termux/files/home/Meesho-bot-main/bot.py", line 105, in main
    up = api_call("getUpdates", timeout=30, limit=50,
                  offset=last_id + 1 if last_id else -1,
                  allowed_updates=["message", "callback_query"])
  File "/data/data/com.termux/files/home/Meesho-bot-main/bot.py", line 27, in api_call
    r = httpx.post(API + "/" + method, json=params, timeout=60)
  File "/data/data/com.termux/files/usr/lib/python3.14/site-packages/httpx/_api.py", line 304, in post
    return request(
        "POST",
    ...<13 lines>...
        trust_env=trust_env,
    )
  File "/data/data/com.termux/files/usr/lib/python3.14/site-packages/httpx/_api.py", line 109, in request
    return client.request(
           ~~~~~~~~~~~~~~^
        method=method,
        ^^^^^^^^^^^^^^
    ...<8 lines>...
        follow_redirects=follow_redirects,
        ^^^^^^^^^^^^^^^^^^^^^^^^^^^^^^^^^^
    )
    ^
  File "/data/data/com.termux/files/usr/lib/python3.14/site-packages/httpx/_client.py", line 825, in request
    return self.send(request, auth=auth, follow_redirects=follow_redirects)
           ~~~~~~~~~^^^^^^^^^^^^^^^^^^^^^^^^^^^^^^^^^^^^^^^^^^^^^^^^^^^^^^^
  File "/data/data/com.termux/files/usr/lib/python3.14/site-packages/httpx/_client.py", line 914, in send
    response = self._send_handling_auth(
        request,
    ...<2 lines>...
        history=[],
    )
  File "/data/data/com.termux/files/usr/lib/python3.14/site-packages/httpx/_client.py", line 942, in _send_handling_auth
    response = self._send_handling_redirects(
        request,
        follow_redirects=follow_redirects,
        history=history,
    )
  File "/data/data/com.termux/files/usr/lib/python3.14/site-packages/httpx/_client.py", line 979, in _send_handling_redirects
    response = self._send_single_request(request)
  File "/data/data/com.termux/files/usr/lib/python3.14/site-packages/httpx/_client.py", line 1014, in _send_single_request
    response = transport.handle_request(request)
  File "/data/data/com.termux/files/usr/lib/python3.14/site-packages/httpx/_transports/default.py", line 249, in handle_request
    with map_httpcore_exceptions():
         ~~~~~~~~~~~~~~~~~~~~~~~^^
  File "/data/data/com.termux/files/usr/lib/python3.14/contextlib.py", line 162, in __exit__
    self.gen.throw(value)
    ~~~~~~~~~~~~~~^^^^^^^
  File "/data/data/com.termux/files/usr/lib/python3.14/site-packages/httpx/_transports/default.py", line 118, in map_httpcore_exceptions
    raise mapped_exc(message) from exc
httpx.ConnectError: [Errno 7] No address associated with hostname
poll_backoff 5s
Traceback (most recent call last):
  File "/data/data/com.termux/files/usr/lib/python3.14/site-packages/httpx/_transports/default.py", line 101, in map_httpcore_exceptions
    yield
  File "/data/data/com.termux/files/usr/lib/python3.14/site-packages/httpx/_transports/default.py", line 250, in handle_request
    resp = self._pool.handle_request(req)
  File "/data/data/com.termux/files/usr/lib/python3.14/site-packages/httpcore/_sync/connection_pool.py", line 256, in handle_request
    raise exc from None
  File "/data/data/com.termux/files/usr/lib/python3.14/site-packages/httpcore/_sync/connection_pool.py", line 236, in handle_request
    response = connection.handle_request(
        pool_request.request
    )
  File "/data/data/com.termux/files/usr/lib/python3.14/site-packages/httpcore/_sync/connection.py", line 101, in handle_request
    raise exc
  File "/data/data/com.termux/files/usr/lib/python3.14/site-packages/httpcore/_sync/connection.py", line 78, in handle_request
    stream = self._connect(request)
  File "/data/data/com.termux/files/usr/lib/python3.14/site-packages/httpcore/_sync/connection.py", line 124, in _connect
    stream = self._network_backend.connect_tcp(**kwargs)
  File "/data/data/com.termux/files/usr/lib/python3.14/site-packages/httpcore/_backends/sync.py", line 207, in connect_tcp
    with map_exceptions(exc_map):
         ~~~~~~~~~~~~~~^^^^^^^^^
  File "/data/data/com.termux/files/usr/lib/python3.14/contextlib.py", line 162, in __exit__
    self.gen.throw(value)
    ~~~~~~~~~~~~~~^^^^^^^
  File "/data/data/com.termux/files/usr/lib/python3.14/site-packages/httpcore/_exceptions.py", line 14, in map_exceptions
    raise to_exc(exc) from exc
httpcore.ConnectError: [Errno 7] No address associated with hostname

The above exception was the direct cause of the following exception:

Traceback (most recent call last):
  File "/data/data/com.termux/files/home/Meesho-bot-main/bot.py", line 105, in main
    up = api_call("getUpdates", timeout=30, limit=50,
                  offset=last_id + 1 if last_id else -1,
                  allowed_updates=["message", "callback_query"])
  File "/data/data/com.termux/files/home/Meesho-bot-main/bot.py", line 27, in api_call
    r = httpx.post(API + "/" + method, json=params, timeout=60)
  File "/data/data/com.termux/files/usr/lib/python3.14/site-packages/httpx/_api.py", line 304, in post
    return request(
        "POST",
    ...<13 lines>...
        trust_env=trust_env,
    )
  File "/data/data/com.termux/files/usr/lib/python3.14/site-packages/httpx/_api.py", line 109, in request
    return client.request(
           ~~~~~~~~~~~~~~^
        method=method,
        ^^^^^^^^^^^^^^
    ...<8 lines>...
        follow_redirects=follow_redirects,
        ^^^^^^^^^^^^^^^^^^^^^^^^^^^^^^^^^^
    )
    ^
  File "/data/data/com.termux/files/usr/lib/python3.14/site-packages/httpx/_client.py", line 825, in request
    return self.send(request, auth=auth, follow_redirects=follow_redirects)
           ~~~~~~~~~^^^^^^^^^^^^^^^^^^^^^^^^^^^^^^^^^^^^^^^^^^^^^^^^^^^^^^^
  File "/data/data/com.termux/files/usr/lib/python3.14/site-packages/httpx/_client.py", line 914, in send
    response = self._send_handling_auth(
        request,
    ...<2 lines>...
        history=[],
    )
  File "/data/data/com.termux/files/usr/lib/python3.14/site-packages/httpx/_client.py", line 942, in _send_handling_auth
    response = self._send_handling_redirects(
        request,
        follow_redirects=follow_redirects,
        history=history,
    )
  File "/data/data/com.termux/files/usr/lib/python3.14/site-packages/httpx/_client.py", line 979, in _send_handling_redirects
    response = self._send_single_request(request)
  File "/data/data/com.termux/files/usr/lib/python3.14/site-packages/httpx/_client.py", line 1014, in _send_single_request
    response = transport.handle_request(request)
  File "/data/data/com.termux/files/usr/lib/python3.14/site-packages/httpx/_transports/default.py", line 249, in handle_request
    with map_httpcore_exceptions():
         ~~~~~~~~~~~~~~~~~~~~~~~^^
  File "/data/data/com.termux/files/usr/lib/python3.14/contextlib.py", line 162, in __exit__
    self.gen.throw(value)
    ~~~~~~~~~~~~~~^^^^^^^
  File "/data/data/com.termux/files/usr/lib/python3.14/site-packages/httpx/_transports/default.py", line 118, in map_httpcore_exceptions
    raise mapped_exc(message) from exc
httpx.ConnectError: [Errno 7] No address associated with hostname
poll_backoff 5s
Traceback (most recent call last):
  File "/data/data/com.termux/files/usr/lib/python3.14/site-packages/httpx/_transports/default.py", line 101, in map_httpcore_exceptions
    yield
  File "/data/data/com.termux/files/usr/lib/python3.14/site-packages/httpx/_transports/default.py", line 250, in handle_request
    resp = self._pool.handle_request(req)
  File "/data/data/com.termux/files/usr/lib/python3.14/site-packages/httpcore/_sync/connection_pool.py", line 256, in handle_request
    raise exc from None
  File "/data/data/com.termux/files/usr/lib/python3.14/site-packages/httpcore/_sync/connection_pool.py", line 236, in handle_request
    response = connection.handle_request(
        pool_request.request
    )
  File "/data/data/com.termux/files/usr/lib/python3.14/site-packages/httpcore/_sync/connection.py", line 101, in handle_request
    raise exc
  File "/data/data/com.termux/files/usr/lib/python3.14/site-packages/httpcore/_sync/connection.py", line 78, in handle_request
    stream = self._connect(request)
  File "/data/data/com.termux/files/usr/lib/python3.14/site-packages/httpcore/_sync/connection.py", line 124, in _connect
    stream = self._network_backend.connect_tcp(**kwargs)
  File "/data/data/com.termux/files/usr/lib/python3.14/site-packages/httpcore/_backends/sync.py", line 207, in connect_tcp
    with map_exceptions(exc_map):
         ~~~~~~~~~~~~~~^^^^^^^^^
  File "/data/data/com.termux/files/usr/lib/python3.14/contextlib.py", line 162, in __exit__
    self.gen.throw(value)
    ~~~~~~~~~~~~~~^^^^^^^
  File "/data/data/com.termux/files/usr/lib/python3.14/site-packages/httpcore/_exceptions.py", line 14, in map_exceptions
    raise to_exc(exc) from exc
httpcore.ConnectError: [Errno 7] No address associated with hostname

The above exception was the direct cause of the following exception:

Traceback (most recent call last):
  File "/data/data/com.termux/files/home/Meesho-bot-main/bot.py", line 105, in main
    up = api_call("getUpdates", timeout=30, limit=50,
                  offset=last_id + 1 if last_id else -1,
                  allowed_updates=["message", "callback_query"])
  File "/data/data/com.termux/files/home/Meesho-bot-main/bot.py", line 27, in api_call
    r = httpx.post(API + "/" + method, json=params, timeout=60)
  File "/data/data/com.termux/files/usr/lib/python3.14/site-packages/httpx/_api.py", line 304, in post
    return request(
        "POST",
    ...<13 lines>...
        trust_env=trust_env,
    )
  File "/data/data/com.termux/files/usr/lib/python3.14/site-packages/httpx/_api.py", line 109, in request
    return client.request(
           ~~~~~~~~~~~~~~^
        method=method,
        ^^^^^^^^^^^^^^
    ...<8 lines>...
        follow_redirects=follow_redirects,
        ^^^^^^^^^^^^^^^^^^^^^^^^^^^^^^^^^^
    )
    ^
  File "/data/data/com.termux/files/usr/lib/python3.14/site-packages/httpx/_client.py", line 825, in request
    return self.send(request, auth=auth, follow_redirects=follow_redirects)
           ~~~~~~~~~^^^^^^^^^^^^^^^^^^^^^^^^^^^^^^^^^^^^^^^^^^^^^^^^^^^^^^^
  File "/data/data/com.termux/files/usr/lib/python3.14/site-packages/httpx/_client.py", line 914, in send
    response = self._send_handling_auth(
        request,
    ...<2 lines>...
        history=[],
    )
  File "/data/data/com.termux/files/usr/lib/python3.14/site-packages/httpx/_client.py", line 942, in _send_handling_auth
    response = self._send_handling_redirects(
        request,
        follow_redirects=follow_redirects,
        history=history,
    )
  File "/data/data/com.termux/files/usr/lib/python3.14/site-packages/httpx/_client.py", line 979, in _send_handling_redirects
    response = self._send_single_request(request)
  File "/data/data/com.termux/files/usr/lib/python3.14/site-packages/httpx/_client.py", line 1014, in _send_single_request
    response = transport.handle_request(request)
  File "/data/data/com.termux/files/usr/lib/python3.14/site-packages/httpx/_transports/default.py", line 249, in handle_request
    with map_httpcore_exceptions():
         ~~~~~~~~~~~~~~~~~~~~~~~^^
  File "/data/data/com.termux/files/usr/lib/python3.14/contextlib.py", line 162, in __exit__
    self.gen.throw(value)
    ~~~~~~~~~~~~~~^^^^^^^
  File "/data/data/com.termux/files/usr/lib/python3.14/site-packages/httpx/_transports/default.py", line 118, in map_httpcore_exceptions
    raise mapped_exc(message) from exc
httpx.ConnectError: [Errno 7] No address associated with hostname
poll_backoff 5s
Traceback (most recent call last):
  File "/data/data/com.termux/files/usr/lib/python3.14/site-packages/httpx/_transports/default.py", line 101, in map_httpcore_exceptions
    yield
  File "/data/data/com.termux/files/usr/lib/python3.14/site-packages/httpx/_transports/default.py", line 250, in handle_request
    resp = self._pool.handle_request(req)
  File "/data/data/com.termux/files/usr/lib/python3.14/site-packages/httpcore/_sync/connection_pool.py", line 256, in handle_request
    raise exc from None
  File "/data/data/com.termux/files/usr/lib/python3.14/site-packages/httpcore/_sync/connection_pool.py", line 236, in handle_request
    response = connection.handle_request(
        pool_request.request
    )
  File "/data/data/com.termux/files/usr/lib/python3.14/site-packages/httpcore/_sync/connection.py", line 101, in handle_request
    raise exc
  File "/data/data/com.termux/files/usr/lib/python3.14/site-packages/httpcore/_sync/connection.py", line 78, in handle_request
    stream = self._connect(request)
  File "/data/data/com.termux/files/usr/lib/python3.14/site-packages/httpcore/_sync/connection.py", line 124, in _connect
    stream = self._network_backend.connect_tcp(**kwargs)
  File "/data/data/com.termux/files/usr/lib/python3.14/site-packages/httpcore/_backends/sync.py", line 207, in connect_tcp
    with map_exceptions(exc_map):
         ~~~~~~~~~~~~~~^^^^^^^^^
  File "/data/data/com.termux/files/usr/lib/python3.14/contextlib.py", line 162, in __exit__
    self.gen.throw(value)
    ~~~~~~~~~~~~~~^^^^^^^
  File "/data/data/com.termux/files/usr/lib/python3.14/site-packages/httpcore/_exceptions.py", line 14, in map_exceptions
    raise to_exc(exc) from exc
httpcore.ConnectError: [Errno 7] No address associated with hostname

The above exception was the direct cause of the following exception:

Traceback (most recent call last):
  File "/data/data/com.termux/files/home/Meesho-bot-main/bot.py", line 105, in main
    up = api_call("getUpdates", timeout=30, limit=50,
                  offset=last_id + 1 if last_id else -1,
                  allowed_updates=["message", "callback_query"])
  File "/data/data/com.termux/files/home/Meesho-bot-main/bot.py", line 27, in api_call
    r = httpx.post(API + "/" + method, json=params, timeout=60)
  File "/data/data/com.termux/files/usr/lib/python3.14/site-packages/httpx/_api.py", line 304, in post
    return request(
        "POST",
    ...<13 lines>...
        trust_env=trust_env,
    )
  File "/data/data/com.termux/files/usr/lib/python3.14/site-packages/httpx/_api.py", line 109, in request
    return client.request(
           ~~~~~~~~~~~~~~^
        method=method,
        ^^^^^^^^^^^^^^
    ...<8 lines>...
        follow_redirects=follow_redirects,
        ^^^^^^^^^^^^^^^^^^^^^^^^^^^^^^^^^^
    )
    ^
  File "/data/data/com.termux/files/usr/lib/python3.14/site-packages/httpx/_client.py", line 825, in request
    return self.send(request, auth=auth, follow_redirects=follow_redirects)
           ~~~~~~~~~^^^^^^^^^^^^^^^^^^^^^^^^^^^^^^^^^^^^^^^^^^^^^^^^^^^^^^^
  File "/data/data/com.termux/files/usr/lib/python3.14/site-packages/httpx/_client.py", line 914, in send
    response = self._send_handling_auth(
        request,
    ...<2 lines>...
        history=[],
    )
  File "/data/data/com.termux/files/usr/lib/python3.14/site-packages/httpx/_client.py", line 942, in _send_handling_auth
    response = self._send_handling_redirects(
        request,
        follow_redirects=follow_redirects,
        history=history,
    )
  File "/data/data/com.termux/files/usr/lib/python3.14/site-packages/httpx/_client.py", line 979, in _send_handling_redirects
    response = self._send_single_request(request)
  File "/data/data/com.termux/files/usr/lib/python3.14/site-packages/httpx/_client.py", line 1014, in _send_single_request
    response = transport.handle_request(request)
  File "/data/data/com.termux/files/usr/lib/python3.14/site-packages/httpx/_transports/default.py", line 249, in handle_request
    with map_httpcore_exceptions():
         ~~~~~~~~~~~~~~~~~~~~~~~^^
  File "/data/data/com.termux/files/usr/lib/python3.14/contextlib.py", line 162, in __exit__
    self.gen.throw(value)
    ~~~~~~~~~~~~~~^^^^^^^
  File "/data/data/com.termux/files/usr/lib/python3.14/site-packages/httpx/_transports/default.py", line 118, in map_httpcore_exceptions
    raise mapped_exc(message) from exc
httpx.ConnectError: [Errno 7] No address associated with hostname
poll_backoff 5s
Traceback (most recent call last):
  File "/data/data/com.termux/files/usr/lib/python3.14/site-packages/httpx/_transports/default.py", line 101, in map_httpcore_exceptions
    yield
  File "/data/data/com.termux/files/usr/lib/python3.14/site-packages/httpx/_transports/default.py", line 250, in handle_request
    resp = self._pool.handle_request(req)
  File "/data/data/com.termux/files/usr/lib/python3.14/site-packages/httpcore/_sync/connection_pool.py", line 256, in handle_request
    raise exc from None
  File "/data/data/com.termux/files/usr/lib/python3.14/site-packages/httpcore/_sync/connection_pool.py", line 236, in handle_request
    response = connection.handle_request(
        pool_request.request
    )
  File "/data/data/com.termux/files/usr/lib/python3.14/site-packages/httpcore/_sync/connection.py", line 101, in handle_request
    raise exc
  File "/data/data/com.termux/files/usr/lib/python3.14/site-packages/httpcore/_sync/connection.py", line 78, in handle_request
    stream = self._connect(request)
  File "/data/data/com.termux/files/usr/lib/python3.14/site-packages/httpcore/_sync/connection.py", line 124, in _connect
    stream = self._network_backend.connect_tcp(**kwargs)
  File "/data/data/com.termux/files/usr/lib/python3.14/site-packages/httpcore/_backends/sync.py", line 207, in connect_tcp
    with map_exceptions(exc_map):
         ~~~~~~~~~~~~~~^^^^^^^^^
  File "/data/data/com.termux/files/usr/lib/python3.14/contextlib.py", line 162, in __exit__
    self.gen.throw(value)
    ~~~~~~~~~~~~~~^^^^^^^
  File "/data/data/com.termux/files/usr/lib/python3.14/site-packages/httpcore/_exceptions.py", line 14, in map_exceptions
    raise to_exc(exc) from exc
httpcore.ConnectError: [Errno 7] No address associated with hostname

The above exception was the direct cause of the following exception:

Traceback (most recent call last):
  File "/data/data/com.termux/files/home/Meesho-bot-main/bot.py", line 105, in main
    up = api_call("getUpdates", timeout=30, limit=50,
                  offset=last_id + 1 if last_id else -1,
                  allowed_updates=["message", "callback_query"])
  File "/data/data/com.termux/files/home/Meesho-bot-main/bot.py", line 27, in api_call
    r = httpx.post(API + "/" + method, json=params, timeout=60)
  File "/data/data/com.termux/files/usr/lib/python3.14/site-packages/httpx/_api.py", line 304, in post
    return request(
        "POST",
    ...<13 lines>...
        trust_env=trust_env,
    )
  File "/data/data/com.termux/files/usr/lib/python3.14/site-packages/httpx/_api.py", line 109, in request
    return client.request(
           ~~~~~~~~~~~~~~^
        method=method,
        ^^^^^^^^^^^^^^
    ...<8 lines>...
        follow_redirects=follow_redirects,
        ^^^^^^^^^^^^^^^^^^^^^^^^^^^^^^^^^^
    )
    ^
  File "/data/data/com.termux/files/usr/lib/python3.14/site-packages/httpx/_client.py", line 825, in request
    return self.send(request, auth=auth, follow_redirects=follow_redirects)
           ~~~~~~~~~^^^^^^^^^^^^^^^^^^^^^^^^^^^^^^^^^^^^^^^^^^^^^^^^^^^^^^^
  File "/data/data/com.termux/files/usr/lib/python3.14/site-packages/httpx/_client.py", line 914, in send
    response = self._send_handling_auth(
        request,
    ...<2 lines>...
        history=[],
    )
  File "/data/data/com.termux/files/usr/lib/python3.14/site-packages/httpx/_client.py", line 942, in _send_handling_auth
    response = self._send_handling_redirects(
        request,
        follow_redirects=follow_redirects,
        history=history,
    )
  File "/data/data/com.termux/files/usr/lib/python3.14/site-packages/httpx/_client.py", line 979, in _send_handling_redirects
    response = self._send_single_request(request)
  File "/data/data/com.termux/files/usr/lib/python3.14/site-packages/httpx/_client.py", line 1014, in _send_single_request
    response = transport.handle_request(request)
  File "/data/data/com.termux/files/usr/lib/python3.14/site-packages/httpx/_transports/default.py", line 249, in handle_request
    with map_httpcore_exceptions():
         ~~~~~~~~~~~~~~~~~~~~~~~^^
  File "/data/data/com.termux/files/usr/lib/python3.14/contextlib.py", line 162, in __exit__
    self.gen.throw(value)
    ~~~~~~~~~~~~~~^^^^^^^
  File "/data/data/com.termux/files/usr/lib/python3.14/site-packages/httpx/_transports/default.py", line 118, in map_httpcore_exceptions
    raise mapped_exc(message) from exc
httpx.ConnectError: [Errno 7] No address associated with hostname
poll_backoff 5s
Traceback (most recent call last):
  File "/data/data/com.termux/files/usr/lib/python3.14/site-packages/httpx/_transports/default.py", line 101, in map_httpcore_exceptions
    yield
  File "/data/data/com.termux/files/usr/lib/python3.14/site-packages/httpx/_transports/default.py", line 250, in handle_request
    resp = self._pool.handle_request(req)
  File "/data/data/com.termux/files/usr/lib/python3.14/site-packages/httpcore/_sync/connection_pool.py", line 256, in handle_request
    raise exc from None
  File "/data/data/com.termux/files/usr/lib/python3.14/site-packages/httpcore/_sync/connection_pool.py", line 236, in handle_request
    response = connection.handle_request(
        pool_request.request
    )
  File "/data/data/com.termux/files/usr/lib/python3.14/site-packages/httpcore/_sync/connection.py", line 101, in handle_request
    raise exc
  File "/data/data/com.termux/files/usr/lib/python3.14/site-packages/httpcore/_sync/connection.py", line 78, in handle_request
    stream = self._connect(request)
  File "/data/data/com.termux/files/usr/lib/python3.14/site-packages/httpcore/_sync/connection.py", line 124, in _connect
    stream = self._network_backend.connect_tcp(**kwargs)
  File "/data/data/com.termux/files/usr/lib/python3.14/site-packages/httpcore/_backends/sync.py", line 207, in connect_tcp
    with map_exceptions(exc_map):
         ~~~~~~~~~~~~~~^^^^^^^^^
  File "/data/data/com.termux/files/usr/lib/python3.14/contextlib.py", line 162, in __exit__
    self.gen.throw(value)
    ~~~~~~~~~~~~~~^^^^^^^
  File "/data/data/com.termux/files/usr/lib/python3.14/site-packages/httpcore/_exceptions.py", line 14, in map_exceptions
    raise to_exc(exc) from exc
httpcore.ConnectError: [Errno 7] No address associated with hostname

The above exception was the direct cause of the following exception:

Traceback (most recent call last):
  File "/data/data/com.termux/files/home/Meesho-bot-main/bot.py", line 105, in main
    up = api_call("getUpdates", timeout=30, limit=50,
                  offset=last_id + 1 if last_id else -1,
                  allowed_updates=["message", "callback_query"])
  File "/data/data/com.termux/files/home/Meesho-bot-main/bot.py", line 27, in api_call
    r = httpx.post(API + "/" + method, json=params, timeout=60)
  File "/data/data/com.termux/files/usr/lib/python3.14/site-packages/httpx/_api.py", line 304, in post
    return request(
        "POST",
    ...<13 lines>...
        trust_env=trust_env,
    )
  File "/data/data/com.termux/files/usr/lib/python3.14/site-packages/httpx/_api.py", line 109, in request
    return client.request(
           ~~~~~~~~~~~~~~^
        method=method,
        ^^^^^^^^^^^^^^
    ...<8 lines>...
        follow_redirects=follow_redirects,
        ^^^^^^^^^^^^^^^^^^^^^^^^^^^^^^^^^^
    )
    ^
  File "/data/data/com.termux/files/usr/lib/python3.14/site-packages/httpx/_client.py", line 825, in request
    return self.send(request, auth=auth, follow_redirects=follow_redirects)
           ~~~~~~~~~^^^^^^^^^^^^^^^^^^^^^^^^^^^^^^^^^^^^^^^^^^^^^^^^^^^^^^^
  File "/data/data/com.termux/files/usr/lib/python3.14/site-packages/httpx/_client.py", line 914, in send
    response = self._send_handling_auth(
        request,
    ...<2 lines>...
        history=[],
    )
  File "/data/data/com.termux/files/usr/lib/python3.14/site-packages/httpx/_client.py", line 942, in _send_handling_auth
    response = self._send_handling_redirects(
        request,
        follow_redirects=follow_redirects,
        history=history,
    )
  File "/data/data/com.termux/files/usr/lib/python3.14/site-packages/httpx/_client.py", line 979, in _send_handling_redirects
    response = self._send_single_request(request)
  File "/data/data/com.termux/files/usr/lib/python3.14/site-packages/httpx/_client.py", line 1014, in _send_single_request
    response = transport.handle_request(request)
  File "/data/data/com.termux/files/usr/lib/python3.14/site-packages/httpx/_transports/default.py", line 249, in handle_request
    with map_httpcore_exceptions():
         ~~~~~~~~~~~~~~~~~~~~~~~^^
  File "/data/data/com.termux/files/usr/lib/python3.14/contextlib.py", line 162, in __exit__
    self.gen.throw(value)
    ~~~~~~~~~~~~~~^^^^^^^
  File "/data/data/com.termux/files/usr/lib/python3.14/site-packages/httpx/_transports/default.py", line 118, in map_httpcore_exceptions
    raise mapped_exc(message) from exc
httpx.ConnectError: [Errno 7] No address associated with hostname
poll_backoff 5s
Traceback (most recent call last):
  File "/data/data/com.termux/files/usr/lib/python3.14/site-packages/httpx/_transports/default.py", line 101, in map_httpcore_exceptions
    yield
  File "/data/data/com.termux/files/usr/lib/python3.14/site-packages/httpx/_transports/default.py", line 250, in handle_request
    resp = self._pool.handle_request(req)
  File "/data/data/com.termux/files/usr/lib/python3.14/site-packages/httpcore/_sync/connection_pool.py", line 256, in handle_request
    raise exc from None
  File "/data/data/com.termux/files/usr/lib/python3.14/site-packages/httpcore/_sync/connection_pool.py", line 236, in handle_request
    response = connection.handle_request(
        pool_request.request
    )
  File "/data/data/com.termux/files/usr/lib/python3.14/site-packages/httpcore/_sync/connection.py", line 101, in handle_request
    raise exc
  File "/data/data/com.termux/files/usr/lib/python3.14/site-packages/httpcore/_sync/connection.py", line 78, in handle_request
    stream = self._connect(request)
  File "/data/data/com.termux/files/usr/lib/python3.14/site-packages/httpcore/_sync/connection.py", line 124, in _connect
    stream = self._network_backend.connect_tcp(**kwargs)
  File "/data/data/com.termux/files/usr/lib/python3.14/site-packages/httpcore/_backends/sync.py", line 207, in connect_tcp
    with map_exceptions(exc_map):
         ~~~~~~~~~~~~~~^^^^^^^^^
  File "/data/data/com.termux/files/usr/lib/python3.14/contextlib.py", line 162, in __exit__
    self.gen.throw(value)
    ~~~~~~~~~~~~~~^^^^^^^
  File "/data/data/com.termux/files/usr/lib/python3.14/site-packages/httpcore/_exceptions.py", line 14, in map_exceptions
    raise to_exc(exc) from exc
httpcore.ConnectError: [Errno 7] No address associated with hostname

The above exception was the direct cause of the following exception:

Traceback (most recent call last):
  File "/data/data/com.termux/files/home/Meesho-bot-main/bot.py", line 105, in main
    up = api_call("getUpdates", timeout=30, limit=50,
                  offset=last_id + 1 if last_id else -1,
                  allowed_updates=["message", "callback_query"])
  File "/data/data/com.termux/files/home/Meesho-bot-main/bot.py", line 27, in api_call
    r = httpx.post(API + "/" + method, json=params, timeout=60)
  File "/data/data/com.termux/files/usr/lib/python3.14/site-packages/httpx/_api.py", line 304, in post
    return request(
        "POST",
    ...<13 lines>...
        trust_env=trust_env,
    )
  File "/data/data/com.termux/files/usr/lib/python3.14/site-packages/httpx/_api.py", line 109, in request
    return client.request(
           ~~~~~~~~~~~~~~^
        method=method,
        ^^^^^^^^^^^^^^
    ...<8 lines>...
        follow_redirects=follow_redirects,
        ^^^^^^^^^^^^^^^^^^^^^^^^^^^^^^^^^^
    )
    ^
  File "/data/data/com.termux/files/usr/lib/python3.14/site-packages/httpx/_client.py", line 825, in request
    return self.send(request, auth=auth, follow_redirects=follow_redirects)
           ~~~~~~~~~^^^^^^^^^^^^^^^^^^^^^^^^^^^^^^^^^^^^^^^^^^^^^^^^^^^^^^^
  File "/data/data/com.termux/files/usr/lib/python3.14/site-packages/httpx/_client.py", line 914, in send
    response = self._send_handling_auth(
        request,
    ...<2 lines>...
        history=[],
    )
  File "/data/data/com.termux/files/usr/lib/python3.14/site-packages/httpx/_client.py", line 942, in _send_handling_auth
    response = self._send_handling_redirects(
        request,
        follow_redirects=follow_redirects,
        history=history,
    )
  File "/data/data/com.termux/files/usr/lib/python3.14/site-packages/httpx/_client.py", line 979, in _send_handling_redirects
    response = self._send_single_request(request)
  File "/data/data/com.termux/files/usr/lib/python3.14/site-packages/httpx/_client.py", line 1014, in _send_single_request
    response = transport.handle_request(request)
  File "/data/data/com.termux/files/usr/lib/python3.14/site-packages/httpx/_transports/default.py", line 249, in handle_request
    with map_httpcore_exceptions():
         ~~~~~~~~~~~~~~~~~~~~~~~^^
  File "/data/data/com.termux/files/usr/lib/python3.14/contextlib.py", line 162, in __exit__
    self.gen.throw(value)
    ~~~~~~~~~~~~~~^^^^^^^
  File "/data/data/com.termux/files/usr/lib/python3.14/site-packages/httpx/_transports/default.py", line 118, in map_httpcore_exceptions
    raise mapped_exc(message) from exc
httpx.ConnectError: [Errno 7] No address associated with hostname
poll_backoff 5s
Traceback (most recent call last):
  File "/data/data/com.termux/files/usr/lib/python3.14/site-packages/httpx/_transports/default.py", line 101, in map_httpcore_exceptions
    yield
  File "/data/data/com.termux/files/usr/lib/python3.14/site-packages/httpx/_transports/default.py", line 250, in handle_request
    resp = self._pool.handle_request(req)
  File "/data/data/com.termux/files/usr/lib/python3.14/site-packages/httpcore/_sync/connection_pool.py", line 256, in handle_request
    raise exc from None
  File "/data/data/com.termux/files/usr/lib/python3.14/site-packages/httpcore/_sync/connection_pool.py", line 236, in handle_request
    response = connection.handle_request(
        pool_request.request
    )
  File "/data/data/com.termux/files/usr/lib/python3.14/site-packages/httpcore/_sync/connection.py", line 101, in handle_request
    raise exc
  File "/data/data/com.termux/files/usr/lib/python3.14/site-packages/httpcore/_sync/connection.py", line 78, in handle_request
    stream = self._connect(request)
  File "/data/data/com.termux/files/usr/lib/python3.14/site-packages/httpcore/_sync/connection.py", line 124, in _connect
    stream = self._network_backend.connect_tcp(**kwargs)
  File "/data/data/com.termux/files/usr/lib/python3.14/site-packages/httpcore/_backends/sync.py", line 207, in connect_tcp
    with map_exceptions(exc_map):
         ~~~~~~~~~~~~~~^^^^^^^^^
  File "/data/data/com.termux/files/usr/lib/python3.14/contextlib.py", line 162, in __exit__
    self.gen.throw(value)
    ~~~~~~~~~~~~~~^^^^^^^
  File "/data/data/com.termux/files/usr/lib/python3.14/site-packages/httpcore/_exceptions.py", line 14, in map_exceptions
    raise to_exc(exc) from exc
httpcore.ConnectError: [Errno 7] No address associated with hostname

The above exception was the direct cause of the following exception:

Traceback (most recent call last):
  File "/data/data/com.termux/files/home/Meesho-bot-main/bot.py", line 105, in main
    up = api_call("getUpdates", timeout=30, limit=50,
                  offset=last_id + 1 if last_id else -1,
                  allowed_updates=["message", "callback_query"])
  File "/data/data/com.termux/files/home/Meesho-bot-main/bot.py", line 27, in api_call
    r = httpx.post(API + "/" + method, json=params, timeout=60)
  File "/data/data/com.termux/files/usr/lib/python3.14/site-packages/httpx/_api.py", line 304, in post
    return request(
        "POST",
    ...<13 lines>...
        trust_env=trust_env,
    )
  File "/data/data/com.termux/files/usr/lib/python3.14/site-packages/httpx/_api.py", line 109, in request
    return client.request(
           ~~~~~~~~~~~~~~^
        method=method,
        ^^^^^^^^^^^^^^
    ...<8 lines>...
        follow_redirects=follow_redirects,
        ^^^^^^^^^^^^^^^^^^^^^^^^^^^^^^^^^^
    )
    ^
  File "/data/data/com.termux/files/usr/lib/python3.14/site-packages/httpx/_client.py", line 825, in request
    return self.send(request, auth=auth, follow_redirects=follow_redirects)
           ~~~~~~~~~^^^^^^^^^^^^^^^^^^^^^^^^^^^^^^^^^^^^^^^^^^^^^^^^^^^^^^^
  File "/data/data/com.termux/files/usr/lib/python3.14/site-packages/httpx/_client.py", line 914, in send
    response = self._send_handling_auth(
        request,
    ...<2 lines>...
        history=[],
    )
  File "/data/data/com.termux/files/usr/lib/python3.14/site-packages/httpx/_client.py", line 942, in _send_handling_auth
    response = self._send_handling_redirects(
        request,
        follow_redirects=follow_redirects,
        history=history,
    )
  File "/data/data/com.termux/files/usr/lib/python3.14/site-packages/httpx/_client.py", line 979, in _send_handling_redirects
    response = self._send_single_request(request)
  File "/data/data/com.termux/files/usr/lib/python3.14/site-packages/httpx/_client.py", line 1014, in _send_single_request
    response = transport.handle_request(request)
  File "/data/data/com.termux/files/usr/lib/python3.14/site-packages/httpx/_transports/default.py", line 249, in handle_request
    with map_httpcore_exceptions():
         ~~~~~~~~~~~~~~~~~~~~~~~^^
  File "/data/data/com.termux/files/usr/lib/python3.14/contextlib.py", line 162, in __exit__
    self.gen.throw(value)
    ~~~~~~~~~~~~~~^^^^^^^
  File "/data/data/com.termux/files/usr/lib/python3.14/site-packages/httpx/_transports/default.py", line 118, in map_httpcore_exceptions
    raise mapped_exc(message) from exc
httpx.ConnectError: [Errno 7] No address associated with hostname
poll_backoff 5s
Traceback (most recent call last):
  File "/data/data/com.termux/files/usr/lib/python3.14/site-packages/httpx/_transports/default.py", line 101, in map_httpcore_exceptions
    yield
  File "/data/data/com.termux/files/usr/lib/python3.14/site-packages/httpx/_transports/default.py", line 250, in handle_request
    resp = self._pool.handle_request(req)
  File "/data/data/com.termux/files/usr/lib/python3.14/site-packages/httpcore/_sync/connection_pool.py", line 256, in handle_request
    raise exc from None
  File "/data/data/com.termux/files/usr/lib/python3.14/site-packages/httpcore/_sync/connection_pool.py", line 236, in handle_request
    response = connection.handle_request(
        pool_request.request
    )
  File "/data/data/com.termux/files/usr/lib/python3.14/site-packages/httpcore/_sync/connection.py", line 101, in handle_request
    raise exc
  File "/data/data/com.termux/files/usr/lib/python3.14/site-packages/httpcore/_sync/connection.py", line 78, in handle_request
    stream = self._connect(request)
  File "/data/data/com.termux/files/usr/lib/python3.14/site-packages/httpcore/_sync/connection.py", line 124, in _connect
    stream = self._network_backend.connect_tcp(**kwargs)
  File "/data/data/com.termux/files/usr/lib/python3.14/site-packages/httpcore/_backends/sync.py", line 207, in connect_tcp
    with map_exceptions(exc_map):
         ~~~~~~~~~~~~~~^^^^^^^^^
  File "/data/data/com.termux/files/usr/lib/python3.14/contextlib.py", line 162, in __exit__
    self.gen.throw(value)
    ~~~~~~~~~~~~~~^^^^^^^
  File "/data/data/com.termux/files/usr/lib/python3.14/site-packages/httpcore/_exceptions.py", line 14, in map_exceptions
    raise to_exc(exc) from exc
httpcore.ConnectError: [Errno 7] No address associated with hostname

The above exception was the direct cause of the following exception:

Traceback (most recent call last):
  File "/data/data/com.termux/files/home/Meesho-bot-main/bot.py", line 105, in main
    up = api_call("getUpdates", timeout=30, limit=50,
                  offset=last_id + 1 if last_id else -1,
                  allowed_updates=["message", "callback_query"])
  File "/data/data/com.termux/files/home/Meesho-bot-main/bot.py", line 27, in api_call
    r = httpx.post(API + "/" + method, json=params, timeout=60)
  File "/data/data/com.termux/files/usr/lib/python3.14/site-packages/httpx/_api.py", line 304, in post
    return request(
        "POST",
    ...<13 lines>...
        trust_env=trust_env,
    )
  File "/data/data/com.termux/files/usr/lib/python3.14/site-packages/httpx/_api.py", line 109, in request
    return client.request(
           ~~~~~~~~~~~~~~^
        method=method,
        ^^^^^^^^^^^^^^
    ...<8 lines>...
        follow_redirects=follow_redirects,
        ^^^^^^^^^^^^^^^^^^^^^^^^^^^^^^^^^^
    )
    ^
  File "/data/data/com.termux/files/usr/lib/python3.14/site-packages/httpx/_client.py", line 825, in request
    return self.send(request, auth=auth, follow_redirects=follow_redirects)
           ~~~~~~~~~^^^^^^^^^^^^^^^^^^^^^^^^^^^^^^^^^^^^^^^^^^^^^^^^^^^^^^^
  File "/data/data/com.termux/files/usr/lib/python3.14/site-packages/httpx/_client.py", line 914, in send
    response = self._send_handling_auth(
        request,
    ...<2 lines>...
        history=[],
    )
  File "/data/data/com.termux/files/usr/lib/python3.14/site-packages/httpx/_client.py", line 942, in _send_handling_auth
    response = self._send_handling_redirects(
        request,
        follow_redirects=follow_redirects,
        history=history,
    )
  File "/data/data/com.termux/files/usr/lib/python3.14/site-packages/httpx/_client.py", line 979, in _send_handling_redirects
    response = self._send_single_request(request)
  File "/data/data/com.termux/files/usr/lib/python3.14/site-packages/httpx/_client.py", line 1014, in _send_single_request
    response = transport.handle_request(request)
  File "/data/data/com.termux/files/usr/lib/python3.14/site-packages/httpx/_transports/default.py", line 249, in handle_request
    with map_httpcore_exceptions():
         ~~~~~~~~~~~~~~~~~~~~~~~^^
  File "/data/data/com.termux/files/usr/lib/python3.14/contextlib.py", line 162, in __exit__
    self.gen.throw(value)
    ~~~~~~~~~~~~~~^^^^^^^
  File "/data/data/com.termux/files/usr/lib/python3.14/site-packages/httpx/_transports/default.py", line 118, in map_httpcore_exceptions
    raise mapped_exc(message) from exc
httpx.ConnectError: [Errno 7] No address associated with hostname
poll_backoff 5s
Traceback (most recent call last):
  File "/data/data/com.termux/files/usr/lib/python3.14/site-packages/httpx/_transports/default.py", line 101, in map_httpcore_exceptions
    yield
  File "/data/data/com.termux/files/usr/lib/python3.14/site-packages/httpx/_transports/default.py", line 250, in handle_request
    resp = self._pool.handle_request(req)
  File "/data/data/com.termux/files/usr/lib/python3.14/site-packages/httpcore/_sync/connection_pool.py", line 256, in handle_request
    raise exc from None
  File "/data/data/com.termux/files/usr/lib/python3.14/site-packages/httpcore/_sync/connection_pool.py", line 236, in handle_request
    response = connection.handle_request(
        pool_request.request
    )
  File "/data/data/com.termux/files/usr/lib/python3.14/site-packages/httpcore/_sync/connection.py", line 103, in handle_request
    return self._connection.handle_request(request)
           ~~~~~~~~~~~~~~~~~~~~~~~~~~~~~~~^^^^^^^^^
  File "/data/data/com.termux/files/usr/lib/python3.14/site-packages/httpcore/_sync/http11.py", line 136, in handle_request
    raise exc
  File "/data/data/com.termux/files/usr/lib/python3.14/site-packages/httpcore/_sync/http11.py", line 106, in handle_request
    ) = self._receive_response_headers(**kwargs)
        ~~~~~~~~~~~~~~~~~~~~~~~~~~~~~~^^^^^^^^^^
  File "/data/data/com.termux/files/usr/lib/python3.14/site-packages/httpcore/_sync/http11.py", line 177, in _receive_response_headers
    event = self._receive_event(timeout=timeout)
  File "/data/data/com.termux/files/usr/lib/python3.14/site-packages/httpcore/_sync/http11.py", line 217, in _receive_event
    data = self._network_stream.read(
        self.READ_NUM_BYTES, timeout=timeout
    )
  File "/data/data/com.termux/files/usr/lib/python3.14/site-packages/httpcore/_backends/sync.py", line 126, in read
    with map_exceptions(exc_map):
         ~~~~~~~~~~~~~~^^^^^^^^^
  File "/data/data/com.termux/files/usr/lib/python3.14/contextlib.py", line 162, in __exit__
    self.gen.throw(value)
    ~~~~~~~~~~~~~~^^^^^^^
  File "/data/data/com.termux/files/usr/lib/python3.14/site-packages/httpcore/_exceptions.py", line 14, in map_exceptions
    raise to_exc(exc) from exc
httpcore.ReadError: [Errno 103] Software caused connection abort

The above exception was the direct cause of the following exception:

Traceback (most recent call last):
  File "/data/data/com.termux/files/home/Meesho-bot-main/bot.py", line 105, in main
    up = api_call("getUpdates", timeout=30, limit=50,
                  offset=last_id + 1 if last_id else -1,
                  allowed_updates=["message", "callback_query"])
  File "/data/data/com.termux/files/home/Meesho-bot-main/bot.py", line 27, in api_call
    r = httpx.post(API + "/" + method, json=params, timeout=60)
  File "/data/data/com.termux/files/usr/lib/python3.14/site-packages/httpx/_api.py", line 304, in post
    return request(
        "POST",
    ...<13 lines>...
        trust_env=trust_env,
    )
  File "/data/data/com.termux/files/usr/lib/python3.14/site-packages/httpx/_api.py", line 109, in request
    return client.request(
           ~~~~~~~~~~~~~~^
        method=method,
        ^^^^^^^^^^^^^^
    ...<8 lines>...
        follow_redirects=follow_redirects,
        ^^^^^^^^^^^^^^^^^^^^^^^^^^^^^^^^^^
    )
    ^
  File "/data/data/com.termux/files/usr/lib/python3.14/site-packages/httpx/_client.py", line 825, in request
    return self.send(request, auth=auth, follow_redirects=follow_redirects)
           ~~~~~~~~~^^^^^^^^^^^^^^^^^^^^^^^^^^^^^^^^^^^^^^^^^^^^^^^^^^^^^^^
  File "/data/data/com.termux/files/usr/lib/python3.14/site-packages/httpx/_client.py", line 914, in send
    response = self._send_handling_auth(
        request,
    ...<2 lines>...
        history=[],
    )
  File "/data/data/com.termux/files/usr/lib/python3.14/site-packages/httpx/_client.py", line 942, in _send_handling_auth
    response = self._send_handling_redirects(
        request,
        follow_redirects=follow_redirects,
        history=history,
    )
  File "/data/data/com.termux/files/usr/lib/python3.14/site-packages/httpx/_client.py", line 979, in _send_handling_redirects
    response = self._send_single_request(request)
  File "/data/data/com.termux/files/usr/lib/python3.14/site-packages/httpx/_client.py", line 1014, in _send_single_request
    response = transport.handle_request(request)
  File "/data/data/com.termux/files/usr/lib/python3.14/site-packages/httpx/_transports/default.py", line 249, in handle_request
    with map_httpcore_exceptions():
         ~~~~~~~~~~~~~~~~~~~~~~~^^
  File "/data/data/com.termux/files/usr/lib/python3.14/contextlib.py", line 162, in __exit__
    self.gen.throw(value)
    ~~~~~~~~~~~~~~^^^^^^^
  File "/data/data/com.termux/files/usr/lib/python3.14/site-packages/httpx/_transports/default.py", line 118, in map_httpcore_exceptions
    raise mapped_exc(message) from exc
httpx.ReadError: [Errno 103] Software caused connection abort
poll_backoff 5s
Traceback (most recent call last):
  File "/data/data/com.termux/files/usr/lib/python3.14/site-packages/httpx/_transports/default.py", line 101, in map_httpcore_exceptions
    yield
  File "/data/data/com.termux/files/usr/lib/python3.14/site-packages/httpx/_transports/default.py", line 250, in handle_request
    resp = self._pool.handle_request(req)
  File "/data/data/com.termux/files/usr/lib/python3.14/site-packages/httpcore/_sync/connection_pool.py", line 256, in handle_request
    raise exc from None
  File "/data/data/com.termux/files/usr/lib/python3.14/site-packages/httpcore/_sync/connection_pool.py", line 236, in handle_request
    response = connection.handle_request(
        pool_request.request
    )
  File "/data/data/com.termux/files/usr/lib/python3.14/site-packages/httpcore/_sync/connection.py", line 101, in handle_request
    raise exc
  File "/data/data/com.termux/files/usr/lib/python3.14/site-packages/httpcore/_sync/connection.py", line 78, in handle_request
    stream = self._connect(request)
  File "/data/data/com.termux/files/usr/lib/python3.14/site-packages/httpcore/_sync/connection.py", line 124, in _connect
    stream = self._network_backend.connect_tcp(**kwargs)
  File "/data/data/com.termux/files/usr/lib/python3.14/site-packages/httpcore/_backends/sync.py", line 207, in connect_tcp
    with map_exceptions(exc_map):
         ~~~~~~~~~~~~~~^^^^^^^^^
  File "/data/data/com.termux/files/usr/lib/python3.14/contextlib.py", line 162, in __exit__
    self.gen.throw(value)
    ~~~~~~~~~~~~~~^^^^^^^
  File "/data/data/com.termux/files/usr/lib/python3.14/site-packages/httpcore/_exceptions.py", line 14, in map_exceptions
    raise to_exc(exc) from exc
httpcore.ConnectError: [Errno 7] No address associated with hostname

The above exception was the direct cause of the following exception:

Traceback (most recent call last):
  File "/data/data/com.termux/files/home/Meesho-bot-main/bot.py", line 105, in main
    up = api_call("getUpdates", timeout=30, limit=50,
                  offset=last_id + 1 if last_id else -1,
                  allowed_updates=["message", "callback_query"])
  File "/data/data/com.termux/files/home/Meesho-bot-main/bot.py", line 27, in api_call
    r = httpx.post(API + "/" + method, json=params, timeout=60)
  File "/data/data/com.termux/files/usr/lib/python3.14/site-packages/httpx/_api.py", line 304, in post
    return request(
        "POST",
    ...<13 lines>...
        trust_env=trust_env,
    )
  File "/data/data/com.termux/files/usr/lib/python3.14/site-packages/httpx/_api.py", line 109, in request
    return client.request(
           ~~~~~~~~~~~~~~^
        method=method,
        ^^^^^^^^^^^^^^
    ...<8 lines>...
        follow_redirects=follow_redirects,
        ^^^^^^^^^^^^^^^^^^^^^^^^^^^^^^^^^^
    )
    ^
  File "/data/data/com.termux/files/usr/lib/python3.14/site-packages/httpx/_client.py", line 825, in request
    return self.send(request, auth=auth, follow_redirects=follow_redirects)
           ~~~~~~~~~^^^^^^^^^^^^^^^^^^^^^^^^^^^^^^^^^^^^^^^^^^^^^^^^^^^^^^^
  File "/data/data/com.termux/files/usr/lib/python3.14/site-packages/httpx/_client.py", line 914, in send
    response = self._send_handling_auth(
        request,
    ...<2 lines>...
        history=[],
    )
  File "/data/data/com.termux/files/usr/lib/python3.14/site-packages/httpx/_client.py", line 942, in _send_handling_auth
    response = self._send_handling_redirects(
        request,
        follow_redirects=follow_redirects,
        history=history,
    )
  File "/data/data/com.termux/files/usr/lib/python3.14/site-packages/httpx/_client.py", line 979, in _send_handling_redirects
    response = self._send_single_request(request)
  File "/data/data/com.termux/files/usr/lib/python3.14/site-packages/httpx/_client.py", line 1014, in _send_single_request
    response = transport.handle_request(request)
  File "/data/data/com.termux/files/usr/lib/python3.14/site-packages/httpx/_transports/default.py", line 249, in handle_request
    with map_httpcore_exceptions():
         ~~~~~~~~~~~~~~~~~~~~~~~^^
  File "/data/data/com.termux/files/usr/lib/python3.14/contextlib.py", line 162, in __exit__
    self.gen.throw(value)
    ~~~~~~~~~~~~~~^^^^^^^
  File "/data/data/com.termux/files/usr/lib/python3.14/site-packages/httpx/_transports/default.py", line 118, in map_httpcore_exceptions
    raise mapped_exc(message) from exc
httpx.ConnectError: [Errno 7] No address associated with hostname
poll_backoff 5s
Traceback (most recent call last):
  File "/data/data/com.termux/files/usr/lib/python3.14/site-packages/httpx/_transports/default.py", line 101, in map_httpcore_exceptions
    yield
  File "/data/data/com.termux/files/usr/lib/python3.14/site-packages/httpx/_transports/default.py", line 250, in handle_request
    resp = self._pool.handle_request(req)
  File "/data/data/com.termux/files/usr/lib/python3.14/site-packages/httpcore/_sync/connection_pool.py", line 256, in handle_request
    raise exc from None
  File "/data/data/com.termux/files/usr/lib/python3.14/site-packages/httpcore/_sync/connection_pool.py", line 236, in handle_request
    response = connection.handle_request(
        pool_request.request
    )
  File "/data/data/com.termux/files/usr/lib/python3.14/site-packages/httpcore/_sync/connection.py", line 101, in handle_request
    raise exc
  File "/data/data/com.termux/files/usr/lib/python3.14/site-packages/httpcore/_sync/connection.py", line 78, in handle_request
    stream = self._connect(request)
  File "/data/data/com.termux/files/usr/lib/python3.14/site-packages/httpcore/_sync/connection.py", line 124, in _connect
    stream = self._network_backend.connect_tcp(**kwargs)
  File "/data/data/com.termux/files/usr/lib/python3.14/site-packages/httpcore/_backends/sync.py", line 207, in connect_tcp
    with map_exceptions(exc_map):
         ~~~~~~~~~~~~~~^^^^^^^^^
  File "/data/data/com.termux/files/usr/lib/python3.14/contextlib.py", line 162, in __exit__
    self.gen.throw(value)
    ~~~~~~~~~~~~~~^^^^^^^
  File "/data/data/com.termux/files/usr/lib/python3.14/site-packages/httpcore/_exceptions.py", line 14, in map_exceptions
    raise to_exc(exc) from exc
httpcore.ConnectError: [Errno 7] No address associated with hostname

The above exception was the direct cause of the following exception:

Traceback (most recent call last):
  File "/data/data/com.termux/files/home/Meesho-bot-main/bot.py", line 105, in main
    up = api_call("getUpdates", timeout=30, limit=50,
                  offset=last_id + 1 if last_id else -1,
                  allowed_updates=["message", "callback_query"])
  File "/data/data/com.termux/files/home/Meesho-bot-main/bot.py", line 27, in api_call
    r = httpx.post(API + "/" + method, json=params, timeout=60)
  File "/data/data/com.termux/files/usr/lib/python3.14/site-packages/httpx/_api.py", line 304, in post
    return request(
        "POST",
    ...<13 lines>...
        trust_env=trust_env,
    )
  File "/data/data/com.termux/files/usr/lib/python3.14/site-packages/httpx/_api.py", line 109, in request
    return client.request(
           ~~~~~~~~~~~~~~^
        method=method,
        ^^^^^^^^^^^^^^
    ...<8 lines>...
        follow_redirects=follow_redirects,
        ^^^^^^^^^^^^^^^^^^^^^^^^^^^^^^^^^^
    )
    ^
  File "/data/data/com.termux/files/usr/lib/python3.14/site-packages/httpx/_client.py", line 825, in request
    return self.send(request, auth=auth, follow_redirects=follow_redirects)
           ~~~~~~~~~^^^^^^^^^^^^^^^^^^^^^^^^^^^^^^^^^^^^^^^^^^^^^^^^^^^^^^^
  File "/data/data/com.termux/files/usr/lib/python3.14/site-packages/httpx/_client.py", line 914, in send
    response = self._send_handling_auth(
        request,
    ...<2 lines>...
        history=[],
    )
  File "/data/data/com.termux/files/usr/lib/python3.14/site-packages/httpx/_client.py", line 942, in _send_handling_auth
    response = self._send_handling_redirects(
        request,
        follow_redirects=follow_redirects,
        history=history,
    )
  File "/data/data/com.termux/files/usr/lib/python3.14/site-packages/httpx/_client.py", line 979, in _send_handling_redirects
    response = self._send_single_request(request)
  File "/data/data/com.termux/files/usr/lib/python3.14/site-packages/httpx/_client.py", line 1014, in _send_single_request
    response = transport.handle_request(request)
  File "/data/data/com.termux/files/usr/lib/python3.14/site-packages/httpx/_transports/default.py", line 249, in handle_request
    with map_httpcore_exceptions():
         ~~~~~~~~~~~~~~~~~~~~~~~^^
  File "/data/data/com.termux/files/usr/lib/python3.14/contextlib.py", line 162, in __exit__
    self.gen.throw(value)
    ~~~~~~~~~~~~~~^^^^^^^
  File "/data/data/com.termux/files/usr/lib/python3.14/site-packages/httpx/_transports/default.py", line 118, in map_httpcore_exceptions
    raise mapped_exc(message) from exc
httpx.ConnectError: [Errno 7] No address associated with hostname
poll_backoff 5s
Traceback (most recent call last):
  File "/data/data/com.termux/files/usr/lib/python3.14/site-packages/httpx/_transports/default.py", line 101, in map_httpcore_exceptions
    yield
  File "/data/data/com.termux/files/usr/lib/python3.14/site-packages/httpx/_transports/default.py", line 250, in handle_request
    resp = self._pool.handle_request(req)
  File "/data/data/com.termux/files/usr/lib/python3.14/site-packages/httpcore/_sync/connection_pool.py", line 256, in handle_request
    raise exc from None
  File "/data/data/com.termux/files/usr/lib/python3.14/site-packages/httpcore/_sync/connection_pool.py", line 236, in handle_request
    response = connection.handle_request(
        pool_request.request
    )
  File "/data/data/com.termux/files/usr/lib/python3.14/site-packages/httpcore/_sync/connection.py", line 101, in handle_request
    raise exc
  File "/data/data/com.termux/files/usr/lib/python3.14/site-packages/httpcore/_sync/connection.py", line 78, in handle_request
    stream = self._connect(request)
  File "/data/data/com.termux/files/usr/lib/python3.14/site-packages/httpcore/_sync/connection.py", line 124, in _connect
    stream = self._network_backend.connect_tcp(**kwargs)
  File "/data/data/com.termux/files/usr/lib/python3.14/site-packages/httpcore/_backends/sync.py", line 207, in connect_tcp
    with map_exceptions(exc_map):
         ~~~~~~~~~~~~~~^^^^^^^^^
  File "/data/data/com.termux/files/usr/lib/python3.14/contextlib.py", line 162, in __exit__
    self.gen.throw(value)
    ~~~~~~~~~~~~~~^^^^^^^
  File "/data/data/com.termux/files/usr/lib/python3.14/site-packages/httpcore/_exceptions.py", line 14, in map_exceptions
    raise to_exc(exc) from exc
httpcore.ConnectError: [Errno 7] No address associated with hostname

The above exception was the direct cause of the following exception:

Traceback (most recent call last):
  File "/data/data/com.termux/files/home/Meesho-bot-main/bot.py", line 105, in main
    up = api_call("getUpdates", timeout=30, limit=50,
                  offset=last_id + 1 if last_id else -1,
                  allowed_updates=["message", "callback_query"])
  File "/data/data/com.termux/files/home/Meesho-bot-main/bot.py", line 27, in api_call
    r = httpx.post(API + "/" + method, json=params, timeout=60)
  File "/data/data/com.termux/files/usr/lib/python3.14/site-packages/httpx/_api.py", line 304, in post
    return request(
        "POST",
    ...<13 lines>...
        trust_env=trust_env,
    )
  File "/data/data/com.termux/files/usr/lib/python3.14/site-packages/httpx/_api.py", line 109, in request
    return client.request(
           ~~~~~~~~~~~~~~^
        method=method,
        ^^^^^^^^^^^^^^
    ...<8 lines>...
        follow_redirects=follow_redirects,
        ^^^^^^^^^^^^^^^^^^^^^^^^^^^^^^^^^^
    )
    ^
  File "/data/data/com.termux/files/usr/lib/python3.14/site-packages/httpx/_client.py", line 825, in request
    return self.send(request, auth=auth, follow_redirects=follow_redirects)
           ~~~~~~~~~^^^^^^^^^^^^^^^^^^^^^^^^^^^^^^^^^^^^^^^^^^^^^^^^^^^^^^^
  File "/data/data/com.termux/files/usr/lib/python3.14/site-packages/httpx/_client.py", line 914, in send
    response = self._send_handling_auth(
        request,
    ...<2 lines>...
        history=[],
    )
  File "/data/data/com.termux/files/usr/lib/python3.14/site-packages/httpx/_client.py", line 942, in _send_handling_auth
    response = self._send_handling_redirects(
        request,
        follow_redirects=follow_redirects,
        history=history,
    )
  File "/data/data/com.termux/files/usr/lib/python3.14/site-packages/httpx/_client.py", line 979, in _send_handling_redirects
    response = self._send_single_request(request)
  File "/data/data/com.termux/files/usr/lib/python3.14/site-packages/httpx/_client.py", line 1014, in _send_single_request
    response = transport.handle_request(request)
  File "/data/data/com.termux/files/usr/lib/python3.14/site-packages/httpx/_transports/default.py", line 249, in handle_request
    with map_httpcore_exceptions():
         ~~~~~~~~~~~~~~~~~~~~~~~^^
  File "/data/data/com.termux/files/usr/lib/python3.14/contextlib.py", line 162, in __exit__
    self.gen.throw(value)
    ~~~~~~~~~~~~~~^^^^^^^
  File "/data/data/com.termux/files/usr/lib/python3.14/site-packages/httpx/_transports/default.py", line 118, in map_httpcore_exceptions
    raise mapped_exc(message) from exc
httpx.ConnectError: [Errno 7] No address associated with hostname
poll_backoff 5s
Traceback (most recent call last):
  File "/data/data/com.termux/files/usr/lib/python3.14/site-packages/httpx/_transports/default.py", line 101, in map_httpcore_exceptions
    yield
  File "/data/data/com.termux/files/usr/lib/python3.14/site-packages/httpx/_transports/default.py", line 250, in handle_request
    resp = self._pool.handle_request(req)
  File "/data/data/com.termux/files/usr/lib/python3.14/site-packages/httpcore/_sync/connection_pool.py", line 256, in handle_request
    raise exc from None
  File "/data/data/com.termux/files/usr/lib/python3.14/site-packages/httpcore/_sync/connection_pool.py", line 236, in handle_request
    response = connection.handle_request(
        pool_request.request
    )
  File "/data/data/com.termux/files/usr/lib/python3.14/site-packages/httpcore/_sync/connection.py", line 101, in handle_request
    raise exc
  File "/data/data/com.termux/files/usr/lib/python3.14/site-packages/httpcore/_sync/connection.py", line 78, in handle_request
    stream = self._connect(request)
  File "/data/data/com.termux/files/usr/lib/python3.14/site-packages/httpcore/_sync/connection.py", line 124, in _connect
    stream = self._network_backend.connect_tcp(**kwargs)
  File "/data/data/com.termux/files/usr/lib/python3.14/site-packages/httpcore/_backends/sync.py", line 207, in connect_tcp
    with map_exceptions(exc_map):
         ~~~~~~~~~~~~~~^^^^^^^^^
  File "/data/data/com.termux/files/usr/lib/python3.14/contextlib.py", line 162, in __exit__
    self.gen.throw(value)
    ~~~~~~~~~~~~~~^^^^^^^
  File "/data/data/com.termux/files/usr/lib/python3.14/site-packages/httpcore/_exceptions.py", line 14, in map_exceptions
    raise to_exc(exc) from exc
httpcore.ConnectError: [Errno 7] No address associated with hostname

The above exception was the direct cause of the following exception:

Traceback (most recent call last):
  File "/data/data/com.termux/files/home/Meesho-bot-main/bot.py", line 105, in main
    up = api_call("getUpdates", timeout=30, limit=50,
                  offset=last_id + 1 if last_id else -1,
                  allowed_updates=["message", "callback_query"])
  File "/data/data/com.termux/files/home/Meesho-bot-main/bot.py", line 27, in api_call
    r = httpx.post(API + "/" + method, json=params, timeout=60)
  File "/data/data/com.termux/files/usr/lib/python3.14/site-packages/httpx/_api.py", line 304, in post
    return request(
        "POST",
    ...<13 lines>...
        trust_env=trust_env,
    )
  File "/data/data/com.termux/files/usr/lib/python3.14/site-packages/httpx/_api.py", line 109, in request
    return client.request(
           ~~~~~~~~~~~~~~^
        method=method,
        ^^^^^^^^^^^^^^
    ...<8 lines>...
        follow_redirects=follow_redirects,
        ^^^^^^^^^^^^^^^^^^^^^^^^^^^^^^^^^^
    )
    ^
  File "/data/data/com.termux/files/usr/lib/python3.14/site-packages/httpx/_client.py", line 825, in request
    return self.send(request, auth=auth, follow_redirects=follow_redirects)
           ~~~~~~~~~^^^^^^^^^^^^^^^^^^^^^^^^^^^^^^^^^^^^^^^^^^^^^^^^^^^^^^^
  File "/data/data/com.termux/files/usr/lib/python3.14/site-packages/httpx/_client.py", line 914, in send
    response = self._send_handling_auth(
        request,
    ...<2 lines>...
        history=[],
    )
  File "/data/data/com.termux/files/usr/lib/python3.14/site-packages/httpx/_client.py", line 942, in _send_handling_auth
    response = self._send_handling_redirects(
        request,
        follow_redirects=follow_redirects,
        history=history,
    )
  File "/data/data/com.termux/files/usr/lib/python3.14/site-packages/httpx/_client.py", line 979, in _send_handling_redirects
    response = self._send_single_request(request)
  File "/data/data/com.termux/files/usr/lib/python3.14/site-packages/httpx/_client.py", line 1014, in _send_single_request
    response = transport.handle_request(request)
  File "/data/data/com.termux/files/usr/lib/python3.14/site-packages/httpx/_transports/default.py", line 249, in handle_request
    with map_httpcore_exceptions():
         ~~~~~~~~~~~~~~~~~~~~~~~^^
  File "/data/data/com.termux/files/usr/lib/python3.14/contextlib.py", line 162, in __exit__
    self.gen.throw(value)
    ~~~~~~~~~~~~~~^^^^^^^
  File "/data/data/com.termux/files/usr/lib/python3.14/site-packages/httpx/_transports/default.py", line 118, in map_httpcore_exceptions
    raise mapped_exc(message) from exc
httpx.ConnectError: [Errno 7] No address associated with hostname
poll_backoff 5s
Traceback (most recent call last):
  File "/data/data/com.termux/files/usr/lib/python3.14/site-packages/httpx/_transports/default.py", line 101, in map_httpcore_exceptions
    yield
  File "/data/data/com.termux/files/usr/lib/python3.14/site-packages/httpx/_transports/default.py", line 250, in handle_request
    resp = self._pool.handle_request(req)
  File "/data/data/com.termux/files/usr/lib/python3.14/site-packages/httpcore/_sync/connection_pool.py", line 256, in handle_request
    raise exc from None
  File "/data/data/com.termux/files/usr/lib/python3.14/site-packages/httpcore/_sync/connection_pool.py", line 236, in handle_request
    response = connection.handle_request(
        pool_request.request
    )
  File "/data/data/com.termux/files/usr/lib/python3.14/site-packages/httpcore/_sync/connection.py", line 101, in handle_request
    raise exc
  File "/data/data/com.termux/files/usr/lib/python3.14/site-packages/httpcore/_sync/connection.py", line 78, in handle_request
    stream = self._connect(request)
  File "/data/data/com.termux/files/usr/lib/python3.14/site-packages/httpcore/_sync/connection.py", line 124, in _connect
    stream = self._network_backend.connect_tcp(**kwargs)
  File "/data/data/com.termux/files/usr/lib/python3.14/site-packages/httpcore/_backends/sync.py", line 207, in connect_tcp
    with map_exceptions(exc_map):
         ~~~~~~~~~~~~~~^^^^^^^^^
  File "/data/data/com.termux/files/usr/lib/python3.14/contextlib.py", line 162, in __exit__
    self.gen.throw(value)
    ~~~~~~~~~~~~~~^^^^^^^
  File "/data/data/com.termux/files/usr/lib/python3.14/site-packages/httpcore/_exceptions.py", line 14, in map_exceptions
    raise to_exc(exc) from exc
httpcore.ConnectError: [Errno 7] No address associated with hostname

The above exception was the direct cause of the following exception:

Traceback (most recent call last):
  File "/data/data/com.termux/files/home/Meesho-bot-main/bot.py", line 105, in main
    up = api_call("getUpdates", timeout=30, limit=50,
                  offset=last_id + 1 if last_id else -1,
                  allowed_updates=["message", "callback_query"])
  File "/data/data/com.termux/files/home/Meesho-bot-main/bot.py", line 27, in api_call
    r = httpx.post(API + "/" + method, json=params, timeout=60)
  File "/data/data/com.termux/files/usr/lib/python3.14/site-packages/httpx/_api.py", line 304, in post
    return request(
        "POST",
    ...<13 lines>...
        trust_env=trust_env,
    )
  File "/data/data/com.termux/files/usr/lib/python3.14/site-packages/httpx/_api.py", line 109, in request
    return client.request(
           ~~~~~~~~~~~~~~^
        method=method,
        ^^^^^^^^^^^^^^
    ...<8 lines>...
        follow_redirects=follow_redirects,
        ^^^^^^^^^^^^^^^^^^^^^^^^^^^^^^^^^^
    )
    ^
  File "/data/data/com.termux/files/usr/lib/python3.14/site-packages/httpx/_client.py", line 825, in request
    return self.send(request, auth=auth, follow_redirects=follow_redirects)
           ~~~~~~~~~^^^^^^^^^^^^^^^^^^^^^^^^^^^^^^^^^^^^^^^^^^^^^^^^^^^^^^^
  File "/data/data/com.termux/files/usr/lib/python3.14/site-packages/httpx/_client.py", line 914, in send
    response = self._send_handling_auth(
        request,
    ...<2 lines>...
        history=[],
    )
  File "/data/data/com.termux/files/usr/lib/python3.14/site-packages/httpx/_client.py", line 942, in _send_handling_auth
    response = self._send_handling_redirects(
        request,
        follow_redirects=follow_redirects,
        history=history,
    )
  File "/data/data/com.termux/files/usr/lib/python3.14/site-packages/httpx/_client.py", line 979, in _send_handling_redirects
    response = self._send_single_request(request)
  File "/data/data/com.termux/files/usr/lib/python3.14/site-packages/httpx/_client.py", line 1014, in _send_single_request
    response = transport.handle_request(request)
  File "/data/data/com.termux/files/usr/lib/python3.14/site-packages/httpx/_transports/default.py", line 249, in handle_request
    with map_httpcore_exceptions():
         ~~~~~~~~~~~~~~~~~~~~~~~^^
  File "/data/data/com.termux/files/usr/lib/python3.14/contextlib.py", line 162, in __exit__
    self.gen.throw(value)
    ~~~~~~~~~~~~~~^^^^^^^
  File "/data/data/com.termux/files/usr/lib/python3.14/site-packages/httpx/_transports/default.py", line 118, in map_httpcore_exceptions
    raise mapped_exc(message) from exc
httpx.ConnectError: [Errno 7] No address associated with hostname
poll_backoff 5s
Traceback (most recent call last):
  File "/data/data/com.termux/files/usr/lib/python3.14/site-packages/httpx/_transports/default.py", line 101, in map_httpcore_exceptions
    yield
  File "/data/data/com.termux/files/usr/lib/python3.14/site-packages/httpx/_transports/default.py", line 250, in handle_request
    resp = self._pool.handle_request(req)
  File "/data/data/com.termux/files/usr/lib/python3.14/site-packages/httpcore/_sync/connection_pool.py", line 256, in handle_request
    raise exc from None
  File "/data/data/com.termux/files/usr/lib/python3.14/site-packages/httpcore/_sync/connection_pool.py", line 236, in handle_request
    response = connection.handle_request(
        pool_request.request
    )
  File "/data/data/com.termux/files/usr/lib/python3.14/site-packages/httpcore/_sync/connection.py", line 101, in handle_request
    raise exc
  File "/data/data/com.termux/files/usr/lib/python3.14/site-packages/httpcore/_sync/connection.py", line 78, in handle_request
    stream = self._connect(request)
  File "/data/data/com.termux/files/usr/lib/python3.14/site-packages/httpcore/_sync/connection.py", line 124, in _connect
    stream = self._network_backend.connect_tcp(**kwargs)
  File "/data/data/com.termux/files/usr/lib/python3.14/site-packages/httpcore/_backends/sync.py", line 207, in connect_tcp
    with map_exceptions(exc_map):
         ~~~~~~~~~~~~~~^^^^^^^^^
  File "/data/data/com.termux/files/usr/lib/python3.14/contextlib.py", line 162, in __exit__
    self.gen.throw(value)
    ~~~~~~~~~~~~~~^^^^^^^
  File "/data/data/com.termux/files/usr/lib/python3.14/site-packages/httpcore/_exceptions.py", line 14, in map_exceptions
    raise to_exc(exc) from exc
httpcore.ConnectError: [Errno 7] No address associated with hostname

The above exception was the direct cause of the following exception:

Traceback (most recent call last):
  File "/data/data/com.termux/files/home/Meesho-bot-main/bot.py", line 105, in main
    up = api_call("getUpdates", timeout=30, limit=50,
                  offset=last_id + 1 if last_id else -1,
                  allowed_updates=["message", "callback_query"])
  File "/data/data/com.termux/files/home/Meesho-bot-main/bot.py", line 27, in api_call
    r = httpx.post(API + "/" + method, json=params, timeout=60)
  File "/data/data/com.termux/files/usr/lib/python3.14/site-packages/httpx/_api.py", line 304, in post
    return request(
        "POST",
    ...<13 lines>...
        trust_env=trust_env,
    )
  File "/data/data/com.termux/files/usr/lib/python3.14/site-packages/httpx/_api.py", line 109, in request
    return client.request(
           ~~~~~~~~~~~~~~^
        method=method,
        ^^^^^^^^^^^^^^
    ...<8 lines>...
        follow_redirects=follow_redirects,
        ^^^^^^^^^^^^^^^^^^^^^^^^^^^^^^^^^^
    )
    ^
  File "/data/data/com.termux/files/usr/lib/python3.14/site-packages/httpx/_client.py", line 825, in request
    return self.send(request, auth=auth, follow_redirects=follow_redirects)
           ~~~~~~~~~^^^^^^^^^^^^^^^^^^^^^^^^^^^^^^^^^^^^^^^^^^^^^^^^^^^^^^^
  File "/data/data/com.termux/files/usr/lib/python3.14/site-packages/httpx/_client.py", line 914, in send
    response = self._send_handling_auth(
        request,
    ...<2 lines>...
        history=[],
    )
  File "/data/data/com.termux/files/usr/lib/python3.14/site-packages/httpx/_client.py", line 942, in _send_handling_auth
    response = self._send_handling_redirects(
        request,
        follow_redirects=follow_redirects,
        history=history,
    )
  File "/data/data/com.termux/files/usr/lib/python3.14/site-packages/httpx/_client.py", line 979, in _send_handling_redirects
    response = self._send_single_request(request)
  File "/data/data/com.termux/files/usr/lib/python3.14/site-packages/httpx/_client.py", line 1014, in _send_single_request
    response = transport.handle_request(request)
  File "/data/data/com.termux/files/usr/lib/python3.14/site-packages/httpx/_transports/default.py", line 249, in handle_request
    with map_httpcore_exceptions():
         ~~~~~~~~~~~~~~~~~~~~~~~^^
  File "/data/data/com.termux/files/usr/lib/python3.14/contextlib.py", line 162, in __exit__
    self.gen.throw(value)
    ~~~~~~~~~~~~~~^^^^^^^
  File "/data/data/com.termux/files/usr/lib/python3.14/site-packages/httpx/_transports/default.py", line 118, in map_httpcore_exceptions
    raise mapped_exc(message) from exc
httpx.ConnectError: [Errno 7] No address associated with hostname
poll_backoff 5s
